2019-07-02T13:01:06,693 [INFO ] (ClientHandler.java:49) - nick1 подключился
2019-07-02T13:01:21,875 [WARN ] (ClientHandler.java:54) - Попытка входа login2. Неверный пароль
2019-07-02T13:01:31,427 [WARN ] (ClientHandler.java:57) - Попытка входа login1. Пользователь уже в системе.
2019-07-02T13:13:38,036 [INFO ] (ClientHandler.java:49) - nick1 подключился
2019-07-02T13:20:13,602 [INFO ] (ClientHandler.java:51) - nick1 подключился
2019-07-02T13:25:44,941 [INFO ] (ClientHandler.java:49) - nick1 подключился
2019-07-02T13:26:46,994 [INFO ] (ClientHandler.java:49) - nick2 подключился
2019-07-02T13:33:49,238 [INFO ] (MainServer.java:32) - Сервер запущен
2019-07-02T13:35:21,210 [INFO ] (MainServer.java:32) - Сервер запущен
2019-07-02T13:36:14,550 [INFO ] (MainServer.java:32) - Сервер запущен
2019-07-02T13:37:37,516 [INFO ] (MainServer.java:32) - Сервер запущен
2019-07-02T13:38:38,585 [INFO ] (MainServer.java:32) - Сервер запущен
2019-07-02T13:46:25,817 [INFO ] (MainServer.java:32) - Сервер запущен
2019-07-02T13:47:06,678 [INFO ] (MainServer.java:32) - Сервер запущен
2019-07-02T13:47:14,159 [INFO ] (ClientHandler.java:49) - nick1 подключился
2019-07-02T13:48:31,994 [INFO ] (MainServer.java:32) - Сервер запущен
2019-07-02T13:51:11,873 [INFO ] (MainServer.java:32) - Сервер запущен
2019-07-02T13:51:21,048 [INFO ] (ClientHandler.java:49) - nick1 подключился
2019-07-02T13:51:22,396 [INFO ] (ClientHandler.java:100) - Client nick1 прислал сообщение dasds
2019-07-02T13:51:40,422 [INFO ] (ClientHandler.java:49) - nick2 подключился
2019-07-02T13:51:41,367 [INFO ] (ClientHandler.java:100) - Client nick2 прислал сообщение da
2019-07-02T13:53:26,633 [INFO ] (MainServer.java:32) - Сервер запущен
2019-07-02T13:53:32,154 [WARN ] (ClientHandler.java:57) - Попытка входа login1. Пользователь уже в системе.
2019-07-02T13:53:35,282 [INFO ] (ClientHandler.java:49) - nick3 подключился
2019-07-02T13:53:38,111 [INFO ] (MainServer.java:89) - Личное сообщение от nick3 nick3: sadsda
2019-07-02T13:58:08,739 [INFO ] (MainServer.java:32) - Сервер запущен
2019-07-02T13:58:15,850 [WARN ] (ClientHandler.java:57) - Попытка входа login3. Пользователь уже в системе.
2019-07-02T13:58:19,235 [WARN ] (ClientHandler.java:57) - Попытка входа login2. Пользователь уже в системе.
2019-07-02T13:59:02,000 [INFO ] (MainServer.java:32) - Сервер запущен
2019-07-02T13:59:08,323 [INFO ] (ClientHandler.java:49) - nick1 подключился
2019-07-02T13:59:09,261 [INFO ] (ClientHandler.java:103) - nick1 прислал сообщение dsa
2019-07-02T13:59:11,917 [INFO ] (MainServer.java:89) - Личное сообщение от nick1 nick1: sdaads
2019-07-02T13:59:15,131 [INFO ] (ClientHandler.java:128) - nick1 отключился.
2019-07-02T13:59:21,780 [WARN ] (ClientHandler.java:54) - Попытка входа /login1. Неверный пароль
2019-07-02T14:00:07,868 [INFO ] (MainServer.java:32) - Сервер запущен
2019-07-02T14:00:13,189 [INFO ] (ClientHandler.java:49) - nick1 подключился
2019-07-02T14:00:22,730 [INFO ] (ClientHandler.java:49) - nick2 подключился
2019-07-02T14:00:29,098 [INFO ] (ClientHandler.java:128) - nick1 отключился.
2019-07-02T14:00:34,558 [INFO ] (ClientHandler.java:49) - nick3 подключился
2019-07-02T14:00:36,250 [INFO ] (ClientHandler.java:103) - nick3 прислал сообщение sdsad
2019-07-02T14:00:36,694 [INFO ] (ClientHandler.java:103) - nick3 прислал сообщение asd
2019-07-02T14:00:36,897 [INFO ] (ClientHandler.java:103) - nick3 прислал сообщение sa
2019-07-02T14:00:37,164 [INFO ] (ClientHandler.java:103) - nick3 прислал сообщение ads
2019-07-02T14:00:37,441 [INFO ] (ClientHandler.java:103) - nick3 прислал сообщение as
2019-07-02T14:00:45,281 [INFO ] (ClientHandler.java:128) - nick3 отключился.
2019-07-02T14:00:47,559 [INFO ] (ClientHandler.java:128) - nick2 отключился.
2019-07-07T21:39:51,292 [INFO ] (MainServer.java:32) - Сервер запущен
2019-07-07T21:40:34,900 [INFO ] (ClientHandler.java:49) - nick1 подключился
2019-07-07T21:40:41,568 [INFO ] (ClientHandler.java:49) - nick2 подключился
2019-07-07T21:40:47,820 [INFO ] (ClientHandler.java:49) - nick3 подключился
2019-07-07T21:40:51,789 [INFO ] (ClientHandler.java:103) - nick1 прислал сообщение sad
2019-07-07T21:40:54,546 [INFO ] (ClientHandler.java:103) - nick2 прислал сообщение sad
2019-07-07T21:41:01,857 [INFO ] (ClientHandler.java:128) - nick1 отключился.
2019-07-12T11:28:51,171 [INFO ] (MainServer.java:32) - Сервер запущен
2019-07-12T11:29:04,412 [INFO ] (ClientHandler.java:49) - nick1 подключился
2019-07-12T11:29:05,841 [INFO ] (ClientHandler.java:103) - nick1 прислал сообщение sd
2019-07-12T11:29:06,545 [INFO ] (ClientHandler.java:103) - nick1 прислал сообщение sad
2019-07-12T11:29:06,846 [INFO ] (ClientHandler.java:103) - nick1 прислал сообщение sad
2019-07-12T11:29:07,128 [INFO ] (ClientHandler.java:103) - nick1 прислал сообщение dsa
2019-07-12T11:29:07,753 [INFO ] (ClientHandler.java:103) - nick1 прислал сообщение s
2019-07-12T11:29:34,049 [WARN ] (ClientHandler.java:57) - Попытка входа login2. Пользователь уже в системе.
2019-07-12T11:29:37,637 [WARN ] (ClientHandler.java:57) - Попытка входа login3. Пользователь уже в системе.
2019-07-12T11:30:27,302 [INFO ] (MainServer.java:32) - Сервер запущен
2019-07-12T11:30:37,806 [INFO ] (ClientHandler.java:49) - nick1 подключился
2019-07-12T11:30:42,613 [INFO ] (ClientHandler.java:49) - nick2 подключился
2019-07-12T11:30:43,877 [INFO ] (ClientHandler.java:103) - nick2 прислал сообщение sad
2019-07-12T11:30:44,393 [INFO ] (ClientHandler.java:103) - nick2 прислал сообщение dsa
2019-07-12T11:30:46,262 [INFO ] (ClientHandler.java:103) - nick1 прислал сообщение das
2019-07-12T11:30:47,700 [INFO ] (ClientHandler.java:128) - nick1 отключился.
2019-07-12T11:30:50,285 [INFO ] (ClientHandler.java:128) - nick2 отключился.
